{"data":{"first_cmd":"ammo","hold_out":true,"player_failed":false,"range":"moss3","rock_seq_len":112,"seq_idx":0,"seq_size":1,"suppress_wave_end":true,"wave":1,"wave_ending":false},"hypothesisId":"A,D,E","location":"round_manager.gd:update_wave_start","message":"before start_manual_rock_round","runId":"post-fix","sessionId":"fa7827","timestamp":76776}
{"data":{"cursor":0,"delay_token":7,"finale":false,"first_cmd":"ammo","player_failed":false,"seq_active":false,"seq_len":112,"state":3,"wave_ending":false},"hypothesisId":"A,B,E","location":"rock_manager.gd:start_manual_rock_round","message":"script start","runId":"post-fix","sessionId":"fa7827","timestamp":76781}
{"data":{"beat0":"rock-black","beat_len":11,"cmd_at_cursor":"wait-until-clear","cursor":14,"seq_len":112,"state":3},"hypothesisId":"E","location":"rock_manager.gd:_begin_beat","message":"beat launch","runId":"post-fix","sessionId":"fa7827","timestamp":77776}
{"data":{"closing":false,"cmd":"wait-until-clear","cursor":14,"seq_len":112,"state":2},"hypothesisId":"B,E","location":"rock_manager.gd:try_continue_sequence","message":"continue launch","runId":"post-fix","sessionId":"fa7827","timestamp":88264}
{"data":{"beat0":"rock-black","beat_len":11,"cmd_at_cursor":"wait-until-clear","cursor":28,"seq_len":112,"state":2},"hypothesisId":"E","location":"rock_manager.gd:_begin_beat","message":"beat launch","runId":"post-fix","sessionId":"fa7827","timestamp":88289}
{"data":{"first_cmd":"ammo","hold_out":true,"player_failed":false,"range":"moss3","rock_seq_len":112,"seq_idx":0,"seq_size":1,"suppress_wave_end":true,"wave":1,"wave_ending":false},"hypothesisId":"A,D,E","location":"round_manager.gd:update_wave_start","message":"before start_manual_rock_round","runId":"post-fix","sessionId":"fa7827","timestamp":101293}
{"data":{"cursor":0,"delay_token":10,"finale":false,"first_cmd":"ammo","player_failed":false,"seq_active":false,"seq_len":112,"state":3,"wave_ending":false},"hypothesisId":"A,B,E","location":"rock_manager.gd:start_manual_rock_round","message":"script start","runId":"post-fix","sessionId":"fa7827","timestamp":101298}
{"data":{"beat0":"rock-black","beat_len":11,"cmd_at_cursor":"wait-until-clear","cursor":14,"seq_len":112,"state":3},"hypothesisId":"E","location":"rock_manager.gd:_begin_beat","message":"beat launch","runId":"post-fix","sessionId":"fa7827","timestamp":101725}
{"data":{"closing":false,"cmd":"wait-until-clear","cursor":14,"seq_len":112,"state":2},"hypothesisId":"B,E","location":"rock_manager.gd:try_continue_sequence","message":"continue launch","runId":"post-fix","sessionId":"fa7827","timestamp":111795}
{"data":{"beat0":"rock-black","beat_len":11,"cmd_at_cursor":"wait-until-clear","cursor":28,"seq_len":112,"state":2},"hypothesisId":"E","location":"rock_manager.gd:_begin_beat","message":"beat launch","runId":"post-fix","sessionId":"fa7827","timestamp":111819}
{"data":{"closing":false,"cmd":"wait-until-clear","cursor":28,"seq_len":112,"state":2},"hypothesisId":"B,E","location":"rock_manager.gd:try_continue_sequence","message":"continue launch","runId":"post-fix","sessionId":"fa7827","timestamp":121276}
{"data":{"beat0":"rock-black","beat_len":15,"cmd_at_cursor":"wait-until-clear","cursor":45,"seq_len":112,"state":2},"hypothesisId":"E","location":"rock_manager.gd:_begin_beat","message":"beat launch","runId":"post-fix","sessionId":"fa7827","timestamp":121281}
{"data":{"closing":false,"cmd":"wait-until-clear","cursor":45,"seq_len":112,"state":2},"hypothesisId":"B,E","location":"rock_manager.gd:try_continue_sequence","message":"continue launch","runId":"post-fix","sessionId":"fa7827","timestamp":133192}
{"data":{"beat0":"rock-black","beat_len":17,"cmd_at_cursor":"wait-until-clear","cursor":64,"seq_len":112,"state":2},"hypothesisId":"E","location":"rock_manager.gd:_begin_beat","message":"beat launch","runId":"post-fix","sessionId":"fa7827","timestamp":133198}
{"data":{"cursor":64,"player_failed":false,"range":"moss3","seq_idx":0,"seq_size":1,"state":5,"wave":1,"wave_ending":false},"hypothesisId":"A,D","location":"round_manager.gd:abort_round_to_shop","message":"abort","runId":"post-fix","sessionId":"fa7827","timestamp":136008}
{"data":{"first_cmd":"ammo","hold_out":true,"player_failed":false,"range":"moss3","rock_seq_len":114,"seq_idx":0,"seq_size":1,"suppress_wave_end":true,"wave":1,"wave_ending":false},"hypothesisId":"A,D,E","location":"round_manager.gd:update_wave_start","message":"before start_manual_rock_round","runId":"post-fix","sessionId":"fa7827","timestamp":149344}
{"data":{"cursor":0,"delay_token":15,"finale":false,"first_cmd":"ammo","player_failed":false,"seq_active":false,"seq_len":114,"state":3,"wave_ending":false},"hypothesisId":"A,B,E","location":"rock_manager.gd:start_manual_rock_round","message":"script start","runId":"post-fix","sessionId":"fa7827","timestamp":149350}
{"data":{"beat0":"rock-black","beat_len":11,"cmd_at_cursor":"wait-until-clear","cursor":16,"seq_len":114,"state":3},"hypothesisId":"E","location":"rock_manager.gd:_begin_beat","message":"beat launch","runId":"post-fix","sessionId":"fa7827","timestamp":150362}
{"data":{"closing":false,"cmd":"wait-until-clear","cursor":16,"seq_len":114,"state":2},"hypothesisId":"B,E","location":"rock_manager.gd:try_continue_sequence","message":"continue launch","runId":"post-fix","sessionId":"fa7827","timestamp":162177}
{"data":{"beat0":"rock-black","beat_len":11,"cmd_at_cursor":"wait-until-clear","cursor":30,"seq_len":114,"state":2},"hypothesisId":"E","location":"rock_manager.gd:_begin_beat","message":"beat launch","runId":"post-fix","sessionId":"fa7827","timestamp":162200}
{"data":{"first_cmd":"ammo","hold_out":true,"player_failed":false,"range":"moss3","rock_seq_len":112,"seq_idx":0,"seq_size":1,"suppress_wave_end":true,"wave":1,"wave_ending":false},"hypothesisId":"A,D,E","location":"round_manager.gd:update_wave_start","message":"before start_manual_rock_round","runId":"post-fix","sessionId":"fa7827","timestamp":176144}
{"data":{"cursor":0,"delay_token":20,"finale":false,"first_cmd":"ammo","player_failed":false,"seq_active":false,"seq_len":112,"state":3,"wave_ending":false},"hypothesisId":"A,B,E","location":"rock_manager.gd:start_manual_rock_round","message":"script start","runId":"post-fix","sessionId":"fa7827","timestamp":176150}
{"data":{"beat0":"rock-black","beat_len":11,"cmd_at_cursor":"wait-until-clear","cursor":14,"seq_len":112,"state":3},"hypothesisId":"E","location":"rock_manager.gd:_begin_beat","message":"beat launch","runId":"post-fix","sessionId":"fa7827","timestamp":177160}
{"data":{"cursor":14,"player_failed":false,"range":"moss3","seq_idx":0,"seq_size":1,"state":5,"wave":1,"wave_ending":false},"hypothesisId":"A,D","location":"round_manager.gd:abort_round_to_shop","message":"abort","runId":"post-fix","sessionId":"fa7827","timestamp":179142}
{"data":{"first_cmd":"ammo","hold_out":true,"player_failed":false,"range":"moss3","rock_seq_len":114,"seq_idx":0,"seq_size":1,"suppress_wave_end":true,"wave":1,"wave_ending":false},"hypothesisId":"A,D,E","location":"round_manager.gd:update_wave_start","message":"before start_manual_rock_round","runId":"post-fix","sessionId":"fa7827","timestamp":184861}
{"data":{"cursor":0,"delay_token":24,"finale":false,"first_cmd":"ammo","player_failed":false,"seq_active":false,"seq_len":114,"state":3,"wave_ending":false},"hypothesisId":"A,B,E","location":"rock_manager.gd:start_manual_rock_round","message":"script start","runId":"post-fix","sessionId":"fa7827","timestamp":184866}
{"data":{"beat0":"rock-black","beat_len":11,"cmd_at_cursor":"wait-until-clear","cursor":16,"seq_len":114,"state":3},"hypothesisId":"E","location":"rock_manager.gd:_begin_beat","message":"beat launch","runId":"post-fix","sessionId":"fa7827","timestamp":185879}
{"data":{"closing":false,"cmd":"wait-until-clear","cursor":16,"seq_len":114,"state":2},"hypothesisId":"B,E","location":"rock_manager.gd:try_continue_sequence","message":"continue launch","runId":"post-fix","sessionId":"fa7827","timestamp":195863}
{"data":{"beat0":"rock-black","beat_len":11,"cmd_at_cursor":"wait-until-clear","cursor":30,"seq_len":114,"state":2},"hypothesisId":"E","location":"rock_manager.gd:_begin_beat","message":"beat launch","runId":"post-fix","sessionId":"fa7827","timestamp":195886}
{"data":{"closing":false,"cmd":"wait-until-clear","cursor":30,"seq_len":114,"state":2},"hypothesisId":"B,E","location":"rock_manager.gd:try_continue_sequence","message":"continue launch","runId":"post-fix","sessionId":"fa7827","timestamp":205343}
{"data":{"beat0":"rock-black","beat_len":15,"cmd_at_cursor":"wait-until-clear","cursor":47,"seq_len":114,"state":2},"hypothesisId":"E","location":"rock_manager.gd:_begin_beat","message":"beat launch","runId":"post-fix","sessionId":"fa7827","timestamp":205349}
{"data":{"closing":false,"cmd":"wait-until-clear","cursor":47,"seq_len":114,"state":2},"hypothesisId":"B,E","location":"rock_manager.gd:try_continue_sequence","message":"continue launch","runId":"post-fix","sessionId":"fa7827","timestamp":217261}
{"data":{"beat0":"rock-black","beat_len":17,"cmd_at_cursor":"wait-until-clear","cursor":66,"seq_len":114,"state":2},"hypothesisId":"E","location":"rock_manager.gd:_begin_beat","message":"beat launch","runId":"post-fix","sessionId":"fa7827","timestamp":217266}
{"data":{"closing":false,"cmd":"wait-until-clear","cursor":66,"seq_len":114,"state":2},"hypothesisId":"B,E","location":"rock_manager.gd:try_continue_sequence","message":"continue launch","runId":"post-fix","sessionId":"fa7827","timestamp":229431}
{"data":{"beat0":"rock-black","beat_len":35,"cmd_at_cursor":"wait-until-clear","cursor":107,"seq_len":114,"state":2},"hypothesisId":"E","location":"rock_manager.gd:_begin_beat","message":"beat launch","runId":"post-fix","sessionId":"fa7827","timestamp":231445}
{"data":{"first_cmd":"ammo","hold_out":true,"player_failed":false,"range":"moss3","rock_seq_len":114,"seq_idx":0,"seq_size":1,"suppress_wave_end":true,"wave":1,"wave_ending":false},"hypothesisId":"A,D,E","location":"round_manager.gd:update_wave_start","message":"before start_manual_rock_round","runId":"post-fix","sessionId":"fa7827","timestamp":326312}
{"data":{"cursor":0,"delay_token":27,"finale":false,"first_cmd":"ammo","player_failed":false,"seq_active":false,"seq_len":114,"state":3,"wave_ending":false},"hypothesisId":"A,B,E","location":"rock_manager.gd:start_manual_rock_round","message":"script start","runId":"post-fix","sessionId":"fa7827","timestamp":326318}
{"data":{"beat0":"rock-black","beat_len":11,"cmd_at_cursor":"wait-until-clear","cursor":16,"seq_len":114,"state":3},"hypothesisId":"E","location":"rock_manager.gd:_begin_beat","message":"beat launch","runId":"post-fix","sessionId":"fa7827","timestamp":327337}
{"data":{"cursor":16,"player_failed":false,"range":"moss3","seq_idx":0,"seq_size":1,"state":5,"wave":1,"wave_ending":false},"hypothesisId":"A,D","location":"round_manager.gd:abort_round_to_shop","message":"abort","runId":"post-fix","sessionId":"fa7827","timestamp":328244}
{"data":{"first_cmd":"threat","hold_out":true,"player_failed":false,"range":"moss3","rock_seq_len":150,"seq_idx":0,"seq_size":1,"suppress_wave_end":true,"wave":1,"wave_ending":false},"hypothesisId":"A,D,E","location":"round_manager.gd:update_wave_start","message":"before start_manual_rock_round","runId":"post-fix","sessionId":"fa7827","timestamp":382330}
{"data":{"cursor":0,"delay_token":8,"finale":false,"first_cmd":"threat","player_failed":false,"seq_active":false,"seq_len":150,"state":3,"wave_ending":false},"hypothesisId":"A,B,E","location":"rock_manager.gd:start_manual_rock_round","message":"script start","runId":"post-fix","sessionId":"fa7827","timestamp":382336}
{"data":{"beat0":"rock","beat_len":131,"cmd_at_cursor":"wait-until-clear","cursor":135,"seq_len":150,"state":3},"hypothesisId":"E","location":"rock_manager.gd:_begin_beat","message":"beat launch","runId":"post-fix","sessionId":"fa7827","timestamp":382341}
